arimal@parimal-HP-Pavilion-Laptop-14-ce3xxx:~/Desktop/EOS_Assignments$ man
What manual page do you want?
For example, try 'man man'.
parimal@parimal-HP-Pavilion-Laptop-14-ce3xxx:~/Desktop/EOS_Assignments$ man man
parimal@parimal-HP-Pavilion-Laptop-14-ce3xxx:~/Desktop/EOS_Assignments$ uname
Linux
parimal@parimal-HP-Pavilion-Laptop-14-ce3xxx:~/Desktop/EOS_Assignments$ pwd
/home/parimal/Desktop/EOS_Assignments
parimal@parimal-HP-Pavilion-Laptop-14-ce3xxx:~/Desktop/EOS_Assignments$ hostname
parimal-HP-Pavilion-Laptop-14-ce3xxx
parimal@parimal-HP-Pavilion-Laptop-14-ce3xxx:~/Desktop/EOS_Assignments$ date
Monday 06 May 2024 05:50:18 PM IST
parimal@parimal-HP-Pavilion-Laptop-14-ce3xxx:~/Desktop/EOS_Assignments$ cal
      May 2024        
Su Mo Tu We Th Fr Sa  
          1  2  3  4  
 5  6  7  8  9 10 11  
12 13 14 15 16 17 18  
19 20 21 22 23 24 25  
26 27 28 29 30 31     
                      
parimal@parimal-HP-Pavilion-Laptop-14-ce3xxx:~/Desktop/EOS_Assignments$ ls,dir
ls,dir: command not found
parimal@parimal-HP-Pavilion-Laptop-14-ce3xxx:~/Desktop/EOS_Assignments$ ls dir
ls: cannot access 'dir': No such file or directory
parimal@parimal-HP-Pavilion-Laptop-14-ce3xxx:~/Desktop/EOS_Assignments$ ls,dir
ls,dir: command not found
parimal@parimal-HP-Pavilion-Laptop-14-ce3xxx:~/Desktop/EOS_Assignments$ ls
Assignment1_1  assignment3_2.txt  ShellScriptAssignment3.txt
Assignment1_4  EOS_Assignments
parimal@parimal-HP-Pavilion-Laptop-14-ce3xxx:~/Desktop/EOS_Assignments$ cat >file.txt
Hi
parimal@parimal-HP-Pavilion-Laptop-14-ce3xxx:~/Desktop/EOS_Assignments$ cat >> file.txt
how are you
cp: target 'you' is not a directory
parimal@parimal-HP-Pavilion-Laptop-14-ce3xxx:~/Desktop/EOS_Assignments$ 
parimal@parimal-HP-Pavilion-Laptop-14-ce3xxx:~/Desktop/EOS_Assignments$ cat file.txt
Hi
howparimal@parimal-HP-Pavilion-Laptop-14-ce3xxx:~/Desktop/EOS_Assignments$ ls
Assignment1_1  Assignment1_4  assignment3_2.txt  EOS_Assignments  file.txt  ShellScriptAssignment3.txt
parimal@parimal-HP-Pavilion-Laptop-14-ce3xxx:~/Desktop/EOS_Assignments$ cat > file2.txt
parimal@parimal-HP-Pavilion-Laptop-14-ce3xxx:~/Desktop/EOS_Assignments$ cp file.txt file2.txt
parimal@parimal-HP-Pavilion-Laptop-14-ce3xxx:~/Desktop/EOS_Assignments$ mv filetxt. file2.txt
mv: cannot stat 'filetxt.': No such file or directory
parimal@parimal-HP-Pavilion-Laptop-14-ce3xxx:~/Desktop/EOS_Assignments$ mv file.txt file2.txt
parimal@parimal-HP-Pavilion-Laptop-14-ce3xxx:~/Desktop/EOS_Assignments$ tac file.txt
tac: failed to open 'file.txt' for reading: No such file or directory
parimal@parimal-HP-Pavilion-Laptop-14-ce3xxx:~/Desktop/EOS_Assignments$ tac file2.txt
howHi
parimal@parimal-HP-Pavilion-Laptop-14-ce3xxx:~/Desktop/EOS_Assignments$ rev file2.txt
iH
wohparimal@parimal-HP-Pavilion-Laptop-14-ce3xxx:~/Desktop/EOS_Assignments$ wc file2.txt
1 2 6 file2.txt
parimal@parimal-HP-Pavilion-Laptop-14-ce3xxx:~/Desktop/EOS_Assignments$ mkdir Assign1
parimal@parimal-HP-Pavilion-Laptop-14-ce3xxx:~/Desktop/EOS_Assignments$ cd Desktop
bash: cd: Desktop: No such file or directory
parimal@parimal-HP-Pavilion-Laptop-14-ce3xxx:~/Desktop/EOS_Assignments$ cd ..
parimal@parimal-HP-Pavilion-Laptop-14-ce3xxx:~/Desktop$ cat > file3.txt
sdsdsjnhdshjdsjhd
parimal@parimal-HP-Pavilion-Laptop-14-ce3xxx:~/Desktop$ rm file3.txt
parimal@parimal-HP-Pavilion-Laptop-14-ce3xxx:~/Desktop$ touch -m -t 199911181112.59 file.txt
parimal@parimal-HP-Pavilion-Laptop-14-ce3xxx:~/Desktop$ sort 
parimal@parimal-HP-Pavilion-Laptop-14-ce3xxx:~/Desktop$ sort ls
sort: cannot read: ls: No such file or directory
parimal@parimal-HP-Pavilion-Laptop-14-ce3xxx:~/Desktop$ ls sort
ls: cannot access 'sort': No such file or directory
parimal@parimal-HP-Pavilion-Laptop-14-ce3xxx:~/Desktop$ uniq file.txt
parimal@parimal-HP-Pavilion-Laptop-14-ce3xxx:~/Desktop$ head file.txt
parimal@parimal-HP-Pavilion-Laptop-14-ce3xxx:~/Desktop$ head file2.txt
head: cannot open 'file2.txt' for reading: No such file or directory
parimal@parimal-HP-Pavilion-Laptop-14-ce3xxx:~/Desktop$ head file2.txt
head: cannot open 'file2.txt' for reading: No such file or directory
parimal@parimal-HP-Pavilion-Laptop-14-ce3xxx:~/Desktop$ cd EOS_Assignments
parimal@parimal-HP-Pavilion-Laptop-14-ce3xxx:~/Desktop/EOS_Assignments$ head file2.txt
Hi
howparimal@parimal-HP-Pavilion-Laptop-14-ce3xxx:~/Desktop/EOS_Assignments$ uniq file.txt
uniq: file.txt: No such file or directory
parimal@parimal-HP-Pavilion-Laptop-14-ce3xxx:~/Desktop/EOS_Assignments$ uniqfile2.txt
uniqfile2.txt: command not found
parimal@parimal-HP-Pavilion-Laptop-14-ce3xxx:~/Desktop/EOS_Assignments$ uniq file2.txt
Hi
how
parimal@parimal-HP-Pavilion-Laptop-14-ce3xxx:~/Desktop/EOS_Assignments$ tail file2.txt
Hi
howparimal@parimal-HP-Pavilion-Laptop-14-ce3xxx:~/Desktop/EOS_Assignments$ factor 4
4: 2 2
parimal@parimal-HP-Pavilion-Laptop-14-ce3xxx:~/Desktop/EOS_Assignments$ alias hello
bash: alias: hello: not found
parimal@parimal-HP-Pavilion-Laptop-14-ce3xxx:~/Desktop/EOS_Assignments$ echo "alias shortcutname='Hello'" >> ~/.bashrc
parimal@parimal-HP-Pavilion-Laptop-14-ce3xxx:~/Desktop/EOS_Assignments$ bash Hello'
> bash Hello
> source ~/.bashrc
> Hello
> 
bash: unexpected EOF while looking for matching `''
bash: syntax error: unexpected end of file
parimal@parimal-HP-Pavilion-Laptop-14-ce3xxx:~/Desktop/EOS_Assignments$ hello'
> Hello
> unalias Hello
> unalias hello
> echo
> echo "hello"
> vim file2.txt
> ^C
parimal@parimal-HP-Pavilion-Laptop-14-ce3xxx:~/Desktop/EOS_Assignments$ vim file2.txt
parimal@parimal-HP-Pavilion-Laptop-14-ce3xxx:~/Desktop/EOS_Assignments$ ps
    PID TTY          TIME CMD
   9260 pts/3    00:00:00 bash
   9883 pts/3    00:00:00 ps
parimal@parimal-HP-Pavilion-Laptop-14-ce3xxx:~/Desktop/EOS_Assignments$ env
SHELL=/bin/bash
SESSION_MANAGER=local/parimal-HP-Pavilion-Laptop-14-ce3xxx:@/tmp/.ICE-unix/1683,unix/parimal-HP-Pavilion-Laptop-14-ce3xxx:/tmp/.ICE-unix/1683
QT_ACCESSIBILITY=1
COLORTERM=truecolor
XDG_CONFIG_DIRS=/etc/xdg/xdg-ubuntu:/etc/xdg
SSH_AGENT_LAUNCHER=gnome-keyring
XDG_MENU_PREFIX=gnome-
GNOME_DESKTOP_SESSION_ID=this-is-deprecated
LANGUAGE=en_IN:en
GNOME_SHELL_SESSION_MODE=ubuntu
SSH_AUTH_SOCK=/run/user/1000/keyring/ssh
XMODIFIERS=@im=ibus
DESKTOP_SESSION=ubuntu
GTK_MODULES=gail:atk-bridge
PWD=/home/parimal/Desktop/EOS_Assignments
LOGNAME=parimal
XDG_SESSION_DESKTOP=ubuntu
XDG_SESSION_TYPE=wayland
SYSTEMD_EXEC_PID=3670
XAUTHORITY=/run/user/1000/.mutter-Xwaylandauth.H4VKN2
HOME=/home/parimal
USERNAME=parimal
IM_CONFIG_PHASE=1
LANG=en_IN
LS_COLORS=rs=0:di=01;34:ln=01;36:mh=00:pi=40;33:so=01;35:do=01;35:bd=40;33;01:cd=40;33;01:or=40;31;01:mi=00:su=37;41:sg=30;43:ca=30;41:tw=30;42:ow=34;42:st=37;44:ex=01;32:*.tar=01;31:*.tgz=01;31:*.arc=01;31:*.arj=01;31:*.taz=01;31:*.lha=01;31:*.lz4=01;31:*.lzh=01;31:*.lzma=01;31:*.tlz=01;31:*.txz=01;31:*.tzo=01;31:*.t7z=01;31:*.zip=01;31:*.z=01;31:*.dz=01;31:*.gz=01;31:*.lrz=01;31:*.lz=01;31:*.lzo=01;31:*.xz=01;31:*.zst=01;31:*.tzst=01;31:*.bz2=01;31:*.bz=01;31:*.tbz=01;31:*.tbz2=01;31:*.tz=01;31:*.deb=01;31:*.rpm=01;31:*.jar=01;31:*.war=01;31:*.ear=01;31:*.sar=01;31:*.rar=01;31:*.alz=01;31:*.ace=01;31:*.zoo=01;31:*.cpio=01;31:*.7z=01;31:*.rz=01;31:*.cab=01;31:*.wim=01;31:*.swm=01;31:*.dwm=01;31:*.esd=01;31:*.jpg=01;35:*.jpeg=01;35:*.mjpg=01;35:*.mjpeg=01;35:*.gif=01;35:*.bmp=01;35:*.pbm=01;35:*.pgm=01;35:*.ppm=01;35:*.tga=01;35:*.xbm=01;35:*.xpm=01;35:*.tif=01;35:*.tiff=01;35:*.png=01;35:*.svg=01;35:*.svgz=01;35:*.mng=01;35:*.pcx=01;35:*.mov=01;35:*.mpg=01;35:*.mpeg=01;35:*.m2v=01;35:*.mkv=01;35:*.webm=01;35:*.webp=01;35:*.ogm=01;35:*.mp4=01;35:*.m4v=01;35:*.mp4v=01;35:*.vob=01;35:*.qt=01;35:*.nuv=01;35:*.wmv=01;35:*.asf=01;35:*.rm=01;35:*.rmvb=01;35:*.flc=01;35:*.avi=01;35:*.fli=01;35:*.flv=01;35:*.gl=01;35:*.dl=01;35:*.xcf=01;35:*.xwd=01;35:*.yuv=01;35:*.cgm=01;35:*.emf=01;35:*.ogv=01;35:*.ogx=01;35:*.aac=00;36:*.au=00;36:*.flac=00;36:*.m4a=00;36:*.mid=00;36:*.midi=00;36:*.mka=00;36:*.mp3=00;36:*.mpc=00;36:*.ogg=00;36:*.ra=00;36:*.wav=00;36:*.oga=00;36:*.opus=00;36:*.spx=00;36:*.xspf=00;36:
XDG_CURRENT_DESKTOP=ubuntu:GNOME
VTE_VERSION=6800
WAYLAND_DISPLAY=wayland-0
GNOME_TERMINAL_SCREEN=/org/gnome/Terminal/screen/0c0c7151_92e4_48c9_94a3_c63efeefb39f
GNOME_SETUP_DISPLAY=:1
LESSCLOSE=/usr/bin/lesspipe %s %s
XDG_SESSION_CLASS=user
TERM=xterm-256color
LESSOPEN=| /usr/bin/lesspipe %s
USER=parimal
GNOME_TERMINAL_SERVICE=:1.109
DISPLAY=:0
SHLVL=1
QT_IM_MODULE=ibus
XDG_RUNTIME_DIR=/run/user/1000
XDG_DATA_DIRS=/usr/share/ubuntu:/usr/local/share/:/usr/share/:/var/lib/snapd/desktop
PATH=/opt/st/stm32cubeide_1.15.0/plugins/com.st.stm32cube.ide.mcu.externaltools.gnu-tools-for-stm32.12.3.rel1.linux64_1.0.100.202403111256/tools/bin/:/home/parimal/.local/bin:/usr/local/sbin:/usr/local/bin:/usr/sbin:/usr/bin:/sbin:/bin:/usr/games:/usr/local/games:/snap/bin:/snap/bin
GDMSESSION=ubuntu
DBUS_SESSION_BUS_ADDRESS=unix:path=/run/user/1000/bus
_=/usr/bin/env
OLDPWD=/home/parimal/Desktop

